// 同步 ID: 2d310768 @ Sun Jul 26 15:56:46 UTC 2026
// 同步 ID: 2ddd680c @ Mon Jul 27 06:22:49 UTC 2026
// 重构日志: f4c70030
// 重构日志: 257e4f1e
// 同步 ID: 649c8216 @ Tue Jul 28 05:18:34 UTC 2026
// 同步 ID: ce0ea328 @ Tue Jul 28 08:22:26 UTC 2026
// 同步 ID: 6220bd16 @ Tue Jul 28 15:57:25 UTC 2026
// 重构日志: 4c55d2a7
// 重构日志: 929b95ca
// 重构日志: 72316af0
// 重构日志: e640ae7a
// 同步 ID: 32d4ecb3 @ Thu Jul 30 17:38:30 UTC 2026
// 重构日志: 9cd42072
// 重构日志: 7b6106b9
// 同步 ID: 26a11173 @ Sun Aug  2 16:39:55 UTC 2026
// 同步 ID: 966d3a52 @ Mon Aug  3 01:20:13 UTC 2026
// 同步 ID: 0d3b41ee @ Tue Aug  4 15:14:46 UTC 2026
// 同步 ID: 16ffd029 @ Wed Aug  5 01:08:38 UTC 2026
// 重构日志: 8f7d18e5
// 重构日志: 3ef0e3ea
// 重构日志: 7276b9ce
// 同步 ID: 15c609b7 @ Thu Aug  6 08:27:01 UTC 2026
// 重构日志: c24c24de
// 重构日志: 34c5758f
// 重构日志: c068dc66
// 重构日志: 20062bd1
// 同步 ID: c597ce46 @ Fri Aug  7 16:30:55 UTC 2026
// 重构日志: 89864064
// 重构日志: 94b9e760
// 同步 ID: a5473b23 @ Sat Aug  8 17:21:47 UTC 2026
